// Jest Snapshot v1, https://goo.gl/fbAQLP

exports[`Exchange Display renders correctly 1`] = `
<div
  className="Exchange"
>
  <form
    action="#"
  >
    <div
      className="formInside"
    >
      <label
        htmlFor="amount"
      >
        <span>
          Amount
        </span>
        <input
          name="amount"
          onChange={[Function]}
          type="number"
          value={0}
        />
      </label>
      <label
        htmlFor="from"
      >
        <span>
          From
        </span>
        <div
          className="selectors"
        >
          <select
            id="from"
            name="from"
            onChange={[Function]}
            value=""
          >
            <option
              label="USD"
              value="USD"
            />
            <option
              label="AED"
              value="AED"
            />
          </select>
        </div>
      </label>
      <p
        className="equal"
      >
         
        =
      </p>
      <label
        htmlFor="to"
      >
        <span>
          To
        </span>
        <div
          className="selectors"
        >
          <select
            id="to"
            name="to"
            onChange={[Function]}
            value=""
          >
            <option
              label="USD"
              value="USD"
            />
            <option
              label="AED"
              value="AED"
            />
          </select>
        </div>
      </label>
    </div>
    <input
      onClick={[Function]}
      type="button"
      value="Convert"
    />
  </form>
</div>
`;
