// Jest Snapshot v1, https://goo.gl/fbAQLP

exports[`renders correctly 1`] = `
<section
  className="listContainer"
>
  <div
    className="equalto"
  >
    <h1>
      Conversion
    </h1>
    <div
      className="changing"
    >
      <div
        className="imags"
      >
        <img
          alt=""
        />
         
      </div>
      <p>
        If you found no value then possible thats are not available to convert
      </p>
      <div
        className="imags"
      >
        <img
          alt=""
        />
      </div>
    </div>
  </div>
  <ul
    className="list"
  >
    <div
      className="displaytop"
    >
      <h2>
        Currency Code
      </h2>
      <h2>
        USD converted
      </h2>
      <h2>
        Currencies
      </h2>
    </div>
  </ul>
</section>
`;
