// Jest Snapshot v1, https://goo.gl/fbAQLP

exports[`Support Displat renders correctly 1`] = `
<section
  className="support"
>
  <div
    className="supportContainer"
  >
    <h1>
      Support Currencies
    </h1>
    <ul
      className="supportList"
    >
      <li
        className="supportedshow"
      >
        <img
          alt=""
          src="https://currencyfreaks.com/photos/flags/amd.png"
        />
        <p>
          Armenian Dram
        </p>
        <p>
          AM
        </p>
        <p
          className="date"
        >
          2009-09-28
           
          -
          2023-05-24
        </p>
        <p
          className="status"
        >
          AVAILABLE
        </p>
      </li>
      <li
        className="supportedshow"
      >
        <img
          alt=""
          src="https://currencyfreaks.com/photos/flags/amd.png"
        />
        <p>
          Alchemy Pay
        </p>
        <p>
          ACH
        </p>
        <p
          className="date"
        >
          2009-09-28
           
          -
          2023-05-24
        </p>
        <p
          className="status"
        >
          AVAILABLE
        </p>
      </li>
    </ul>
  </div>
</section>
`;
